../Core/Src/syscalls.c:17:6:initialise_monitor_handles	4	static
../Core/Src/syscalls.c:21:5:_getpid	4	static
../Core/Src/syscalls.c:26:5:_kill	16	static
../Core/Src/syscalls.c:34:6:_exit	16	static
../Core/Src/syscalls.c:40:27:_read	32	static
../Core/Src/syscalls.c:53:27:_write	32	static
../Core/Src/syscalls.c:65:5:_close	16	static
../Core/Src/syscalls.c:72:5:_fstat	16	static
../Core/Src/syscalls.c:79:5:_isatty	16	static
../Core/Src/syscalls.c:85:5:_lseek	24	static
../Core/Src/syscalls.c:93:5:_open	12	static
../Core/Src/syscalls.c:100:5:_wait	16	static
../Core/Src/syscalls.c:107:5:_unlink	16	static
../Core/Src/syscalls.c:114:5:_times	16	static
../Core/Src/syscalls.c:120:5:_stat	16	static
../Core/Src/syscalls.c:127:5:_link	16	static
../Core/Src/syscalls.c:135:5:_fork	8	static
../Core/Src/syscalls.c:141:5:_execve	24	static
